2026-04-11 14:25:32 | Args: {'train_csv': '/projectnb/medaihack/ABPET/data/train.csv', 'val_csv': '/projectnb/medaihack/ABPET/data/val.csv', 'epochs': 100, 'batch_size': 2, 'lr': 3e-05, 'num_workers': 4, 'resnet_depth': 18, 'embed_dim': 64, 'dropout': 0.5, 'checkpoint_dir': 'checkpoints', 'cache': False, 'loss': 'mae', 'patience': 15, 'max_grad_norm': 1.0, 'scheduler': 'cosine', 'lr_factor': 0.5, 'lr_patience': 2, 'lr_cooldown': 1, 'min_lr': 1e-06, 'compile': False, 'log_dir': 'logs', 'results_dir': 'results'}
2026-04-11 14:25:32 | Device: cuda
2026-04-11 14:25:33 | Model parameters: 33,324,993
2026-04-11 14:25:33 | ResNet depth: 18
2026-04-11 14:25:52 | Epoch   1/100 | Loss: 29.1019 | MAE: 29.59 CL | r: 0.2109 | LR: 3.00e-05 | 17.5s | ES patience: 0/15 [* lr↓]
2026-04-11 14:26:08 | Epoch   2/100 | Loss: 28.4808 | MAE: 29.13 CL | r: 0.6389 | LR: 3.00e-05 | 16.1s | ES patience: 0/15 [* lr↓]
2026-04-11 14:26:25 | Epoch   3/100 | Loss: 27.4514 | MAE: 26.56 CL | r: 0.5893 | LR: 2.99e-05 | 16.5s | ES patience: 0/15 [* lr↓]
2026-04-11 14:26:42 | Epoch   4/100 | Loss: 25.1292 | MAE: 23.94 CL | r: 0.7877 | LR: 2.99e-05 | 16.7s | ES patience: 0/15 [* lr↓]
2026-04-11 14:27:00 | Epoch   5/100 | Loss: 22.6488 | MAE: 22.07 CL | r: 0.7815 | LR: 2.98e-05 | 17.2s | ES patience: 0/15 [* lr↓]
2026-04-11 14:27:18 | Epoch   6/100 | Loss: 20.7350 | MAE: 22.24 CL | r: 0.7108 | LR: 2.97e-05 | 17.6s | ES patience: 0/15 [lr-reset lr↓]
2026-04-11 14:27:36 | Epoch   7/100 | Loss: 18.0926 | MAE: 18.58 CL | r: 0.8691 | LR: 2.97e-05 | 17.9s | ES patience: 0/15 [* lr↓]
2026-04-11 14:27:54 | Epoch   8/100 | Loss: 16.5144 | MAE: 15.96 CL | r: 0.8489 | LR: 2.95e-05 | 17.9s | ES patience: 0/15 [* lr↓]
2026-04-11 14:28:13 | Epoch   9/100 | Loss: 14.8644 | MAE: 13.87 CL | r: 0.8882 | LR: 2.94e-05 | 17.9s | ES patience: 0/15 [* lr↓]
2026-04-11 14:28:31 | Epoch  10/100 | Loss: 13.8224 | MAE: 13.59 CL | r: 0.8798 | LR: 2.93e-05 | 18.3s | ES patience: 0/15 [* lr↓]
2026-04-11 14:28:50 | Epoch  11/100 | Loss: 13.1323 | MAE: 12.98 CL | r: 0.9149 | LR: 2.91e-05 | 17.8s | ES patience: 0/15 [* lr↓]
2026-04-11 14:29:07 | Epoch  12/100 | Loss: 12.5055 | MAE: 12.44 CL | r: 0.9178 | LR: 2.90e-05 | 17.6s | ES patience: 0/15 [* lr↓]
2026-04-11 14:29:25 | Epoch  13/100 | Loss: 11.8760 | MAE: 12.28 CL | r: 0.9213 | LR: 2.88e-05 | 17.4s | ES patience: 0/15 [* lr↓]
2026-04-11 14:29:43 | Epoch  14/100 | Loss: 11.7553 | MAE: 11.55 CL | r: 0.9151 | LR: 2.86e-05 | 17.6s | ES patience: 0/15 [* lr↓]
2026-04-11 14:30:01 | Epoch  15/100 | Loss: 11.3662 | MAE: 11.27 CL | r: 0.9193 | LR: 2.84e-05 | 17.5s | ES patience: 0/15 [* lr↓]
2026-04-11 14:30:19 | Epoch  16/100 | Loss: 11.1786 | MAE: 11.26 CL | r: 0.9155 | LR: 2.82e-05 | 17.5s | ES patience: 0/15 [* lr↓]
2026-04-11 14:30:37 | Epoch  17/100 | Loss: 10.7307 | MAE: 11.56 CL | r: 0.9330 | LR: 2.80e-05 | 17.7s | ES patience: 0/15 [lr-reset lr↓]
2026-04-11 14:30:55 | Epoch  18/100 | Loss: 10.1660 | MAE: 10.85 CL | r: 0.9334 | LR: 2.77e-05 | 17.5s | ES patience: 0/15 [* lr↓]
2026-04-11 14:31:12 | Epoch  19/100 | Loss: 9.7442 | MAE: 11.34 CL | r: 0.9275 | LR: 2.75e-05 | 17.6s | ES patience: 0/15 [lr-reset lr↓]
2026-04-11 14:31:31 | Epoch  20/100 | Loss: 9.4113 | MAE: 10.50 CL | r: 0.9305 | LR: 2.72e-05 | 17.7s | ES patience: 0/15 [* lr↓]
2026-04-11 14:31:48 | Epoch  21/100 | Loss: 9.3034 | MAE: 11.12 CL | r: 0.9349 | LR: 2.70e-05 | 17.7s | ES patience: 0/15 [lr-reset lr↓]
2026-04-11 14:32:06 | Epoch  22/100 | Loss: 8.9886 | MAE: 11.49 CL | r: 0.9223 | LR: 2.67e-05 | 17.8s | ES patience: 0/15 [lr-reset lr↓]
2026-04-11 14:32:24 | Epoch  23/100 | Loss: 8.6544 | MAE: 11.09 CL | r: 0.9354 | LR: 2.64e-05 | 17.8s | ES patience: 0/15 [lr-reset lr↓]
2026-04-11 14:32:42 | Epoch  24/100 | Loss: 8.7582 | MAE: 10.48 CL | r: 0.9326 | LR: 2.61e-05 | 17.7s | ES patience: 0/15 [* lr↓]
2026-04-11 14:33:00 | Epoch  25/100 | Loss: 8.1776 | MAE: 10.02 CL | r: 0.9425 | LR: 2.58e-05 | 17.7s | ES patience: 0/15 [* lr↓]
2026-04-11 14:33:18 | Epoch  26/100 | Loss: 7.9720 | MAE: 9.80 CL | r: 0.9370 | LR: 2.54e-05 | 17.7s | ES patience: 0/15 [* lr↓]
2026-04-11 14:33:38 | Epoch  27/100 | Loss: 7.6993 | MAE: 10.96 CL | r: 0.9411 | LR: 2.51e-05 | 20.2s | ES patience: 0/15 [lr-reset lr↓]
2026-04-11 14:33:58 | Epoch  28/100 | Loss: 7.7141 | MAE: 9.91 CL | r: 0.9387 | LR: 2.47e-05 | 20.1s | ES patience: 0/15 [lr-reset lr↓]
2026-04-11 14:34:16 | Epoch  29/100 | Loss: 7.6117 | MAE: 9.80 CL | r: 0.9387 | LR: 2.44e-05 | 17.7s | ES patience: 0/15 [lr-reset lr↓]
2026-04-11 14:34:34 | Epoch  30/100 | Loss: 7.1013 | MAE: 10.48 CL | r: 0.9454 | LR: 2.40e-05 | 17.8s | ES patience: 0/15 [lr-reset lr↓]
2026-04-11 14:34:52 | Epoch  31/100 | Loss: 7.2454 | MAE: 10.06 CL | r: 0.9405 | LR: 2.37e-05 | 17.6s | ES patience: 0/15 [lr-reset lr↓]
2026-04-11 14:35:09 | Epoch  32/100 | Loss: 7.0304 | MAE: 10.58 CL | r: 0.9318 | LR: 2.33e-05 | 17.5s | ES patience: 0/15 [lr-reset lr↓]
2026-04-11 14:35:27 | Epoch  33/100 | Loss: 6.7987 | MAE: 9.80 CL | r: 0.9401 | LR: 2.29e-05 | 17.6s | ES patience: 0/15 [lr-reset lr↓]
2026-04-11 14:35:45 | Epoch  34/100 | Loss: 6.7141 | MAE: 9.65 CL | r: 0.9436 | LR: 2.25e-05 | 17.6s | ES patience: 0/15 [* lr↓]
2026-04-11 14:36:02 | Epoch  35/100 | Loss: 6.7203 | MAE: 10.19 CL | r: 0.9389 | LR: 2.21e-05 | 17.6s | ES patience: 0/15 [lr-reset lr↓]
2026-04-11 14:36:20 | Epoch  36/100 | Loss: 6.2776 | MAE: 9.25 CL | r: 0.9476 | LR: 2.17e-05 | 17.5s | ES patience: 0/15 [* lr↓]
2026-04-11 14:36:38 | Epoch  37/100 | Loss: 6.2069 | MAE: 10.99 CL | r: 0.9416 | LR: 2.13e-05 | 17.3s | ES patience: 0/15 [lr-reset lr↓]
2026-04-11 14:36:55 | Epoch  38/100 | Loss: 6.0168 | MAE: 10.39 CL | r: 0.9431 | LR: 2.08e-05 | 17.7s | ES patience: 0/15 [lr-reset lr↓]
2026-04-11 14:37:13 | Epoch  39/100 | Loss: 6.1537 | MAE: 9.68 CL | r: 0.9499 | LR: 2.04e-05 | 17.6s | ES patience: 0/15 [lr-reset lr↓]
2026-04-11 14:37:31 | Epoch  40/100 | Loss: 6.1712 | MAE: 10.19 CL | r: 0.9371 | LR: 2.00e-05 | 17.7s | ES patience: 0/15 [lr-reset lr↓]
2026-04-11 14:37:48 | Epoch  41/100 | Loss: 6.0137 | MAE: 9.36 CL | r: 0.9440 | LR: 1.95e-05 | 17.6s | ES patience: 0/15 [lr-reset lr↓]
2026-04-11 14:38:06 | Epoch  42/100 | Loss: 5.7525 | MAE: 9.84 CL | r: 0.9413 | LR: 1.91e-05 | 17.5s | ES patience: 0/15 [lr-reset lr↓]
2026-04-11 14:38:23 | Epoch  43/100 | Loss: 5.7570 | MAE: 9.75 CL | r: 0.9482 | LR: 1.87e-05 | 17.3s | ES patience: 0/15 [lr-reset lr↓]
2026-04-11 14:38:40 | Epoch  44/100 | Loss: 5.7175 | MAE: 10.04 CL | r: 0.9426 | LR: 1.82e-05 | 17.4s | ES patience: 0/15 [lr-reset lr↓]
2026-04-11 14:38:58 | Epoch  45/100 | Loss: 5.4001 | MAE: 9.71 CL | r: 0.9501 | LR: 1.78e-05 | 17.6s | ES patience: 0/15 [lr-reset lr↓]
2026-04-11 14:39:16 | Epoch  46/100 | Loss: 5.6290 | MAE: 10.58 CL | r: 0.9497 | LR: 1.73e-05 | 17.7s | ES patience: 0/15 [lr-reset lr↓]
2026-04-11 14:39:34 | Epoch  47/100 | Loss: 5.6253 | MAE: 9.86 CL | r: 0.9444 | LR: 1.69e-05 | 17.8s | ES patience: 0/15 [lr-reset lr↓]
2026-04-11 14:39:52 | Epoch  48/100 | Loss: 5.5309 | MAE: 9.11 CL | r: 0.9485 | LR: 1.64e-05 | 17.9s | ES patience: 0/15 [* lr↓]
2026-04-11 14:40:10 | Epoch  49/100 | Loss: 5.2862 | MAE: 9.37 CL | r: 0.9481 | LR: 1.60e-05 | 17.7s | ES patience: 0/15 [lr-reset lr↓]
2026-04-11 14:40:28 | Epoch  50/100 | Loss: 5.2622 | MAE: 10.42 CL | r: 0.9467 | LR: 1.55e-05 | 17.9s | ES patience: 0/15 [lr-reset lr↓]
2026-04-11 14:40:45 | Epoch  51/100 | Loss: 5.2434 | MAE: 9.76 CL | r: 0.9470 | LR: 1.50e-05 | 17.8s | ES patience: 0/15 [lr-reset lr↓]
2026-04-11 14:41:03 | Epoch  52/100 | Loss: 5.1304 | MAE: 9.85 CL | r: 0.9464 | LR: 1.46e-05 | 17.9s | ES patience: 0/15 [lr-reset lr↓]
2026-04-11 14:41:21 | Epoch  53/100 | Loss: 5.0355 | MAE: 10.45 CL | r: 0.9485 | LR: 1.41e-05 | 17.8s | ES patience: 0/15 [lr-reset lr↓]
